---
http_interactions:
- request:
    method: get
    uri: https://pubsub.pubnub.com/subscribe/ds/foo.*/0/0?pnsdk=PubNub-Ruby/3.7.5&uuid=rubytests
    body:
      encoding: US-ASCII
      string: ''
    headers:
      Accept-Encoding:
      - gzip;q=1.0,deflate;q=0.6,identity;q=0.3
      Accept:
      - '*/*'
      User-Agent:
      - Ruby
      Connection:
      - keep-alive
      Keep-Alive:
      - 30
  response:
    status:
      code: 200
      message: OK
    headers:
      Date:
      - Thu, 23 Jul 2015 15:08:48 GMT
      Content-Type:
      - text/javascript; charset="UTF-8"
      Content-Length:
      - '30'
      Connection:
      - keep-alive
      Cache-Control:
      - no-cache
      Access-Control-Allow-Origin:
      - '*'
      Access-Control-Allow-Methods:
      - GET
    body:
      encoding: UTF-8
      string: '[[],"14376639487464722","",""]'
    http_version: 
  recorded_at: Thu, 23 Jul 2015 15:08:49 GMT
- request:
    method: get
    uri: https://pubsub.pubnub.com/subscribe/ds/foo.*/0/14376639487464722?pnsdk=PubNub-Ruby/3.7.5&uuid=rubytests
    body:
      encoding: US-ASCII
      string: ''
    headers:
      Accept-Encoding:
      - gzip;q=1.0,deflate;q=0.6,identity;q=0.3
      Accept:
      - '*/*'
      User-Agent:
      - Ruby
      Connection:
      - keep-alive
      Keep-Alive:
      - 30
  response:
    status:
      code: 200
      message: OK
    headers:
      Date:
      - Thu, 23 Jul 2015 15:08:51 GMT
      Content-Type:
      - text/javascript; charset="UTF-8"
      Content-Length:
      - '56'
      Connection:
      - keep-alive
      Cache-Control:
      - no-cache
      Access-Control-Allow-Origin:
      - '*'
      Access-Control-Allow-Methods:
      - GET
    body:
      encoding: UTF-8
      string: '[[{"text":"hey"}],"14376641318913945","foo.*","foo.foo"]'
    http_version: 
  recorded_at: Thu, 23 Jul 2015 15:08:52 GMT
- request:
    method: get
    uri: https://pubsub.pubnub.com/subscribe/ds/foo.*/0/14376641318913945?pnsdk=PubNub-Ruby/3.7.5&uuid=rubytests
    body:
      encoding: US-ASCII
      string: ''
    headers:
      Accept-Encoding:
      - gzip;q=1.0,deflate;q=0.6,identity;q=0.3
      Accept:
      - '*/*'
      User-Agent:
      - Ruby
      Connection:
      - keep-alive
      Keep-Alive:
      - 30
  response:
    status:
      code: 200
      message: OK
    headers:
      Date:
      - Thu, 23 Jul 2015 15:09:03 GMT
      Content-Type:
      - text/javascript; charset="UTF-8"
      Content-Length:
      - '30'
      Connection:
      - keep-alive
      Cache-Control:
      - no-cache
      Access-Control-Allow-Origin:
      - '*'
      Access-Control-Allow-Methods:
      - GET
    body:
      encoding: UTF-8
      string: '[[],"14376641318913945","",""]'
    http_version: 
  recorded_at: Thu, 23 Jul 2015 15:09:03 GMT
recorded_with: VCR 2.9.2
